// Jest Snapshot v1, https://goo.gl/fbAQLP

exports[`bundle can force 1`] = `
"Reading existing importmap
Fetching package info for lit-element@2.1.0
Bundling lit-element@2.1.0
Writing bundle for lit-element@2.1.0
Writing importmap
Done! [XX s]"
`;

exports[`bundle displays console messages 1`] = `
"Reading existing importmap
Fetching package info for lit-element@2.1.0
Bundling lit-element@2.1.0
Writing bundle for lit-element@2.1.0
Writing importmap
Done! [XX s]"
`;

exports[`bundle importmap 1`] = `
"{
  \\"imports\\": {
    \\"lit-element@2.1.0\\": \\"/-/lit-element@2.1.0.bundle.js\\",
    \\"lit-element@2.1.0/\\": \\"/-/lit-element@2.1.0/\\",
    \\"lit-element@2\\": \\"/-/lit-element@2.1.0.bundle.js\\",
    \\"lit-element@2/\\": \\"/-/lit-element@2.1.0/\\"
  },
  \\"scopes\\": {
    \\"lit-element@2.1.0/\\": {
      \\"lit-html\\": \\"/-/lit-html@1.4.1/lit-html.js\\",
      \\"lit-html/\\": \\"/-/lit-html@1.4.1/\\"
    },
    \\"lit-html@1.4.1/\\": {}
  }
}"
`;
